======================================================================
Portfolio Advisory Graph Search
======================================================================
Mode: grid
Budget: 16
Seed: 7
Cases: demos/portfolio_langgraph_opt/data/cases.jsonl
Policy: demos/portfolio_langgraph_opt/data/policy_snippets.txt
Emit DOT: False

Loading data...
Loaded 24 cases
Loaded policy text (1166 chars)

Generated 96 candidates
Grid mode: evaluating first 16 candidates

Evaluating baseline...
Baseline score: 31.80
  Coverage: 0.365
  Violation rate: 0.000
  HITL rate: 0.000
  Avg steps: 1.00
  Avg total tokens: 365.4

Evaluating 16 candidates...
  Evaluated 5 new + 0 existing = 5/16 (best: 31.95)
  Evaluated 10 new + 0 existing = 10/16 (best: 32.61)
  Evaluated 15 new + 0 existing = 15/16 (best: 32.61)
  Evaluated 16 new + 0 existing = 16/16 (best: 32.61)

  Total: 16 new evaluations, 0 skipped

======================================================================
RESULTS SUMMARY
======================================================================

Baseline: R0-D0-B0-H0-SA-M4-AD0-APS-CO1
  Score: 31.80
  Coverage: 0.365
  Violation rate: 0.000
  HITL rate: 0.000
  Avg steps: 1.00
  Avg tokens: 365.4 (prompt: 190.5, completion: 175.0)

Best: R0-D0-B1-H0-SA-M4-AD0-APS-CO0
  Score: 32.61
  Coverage: 0.396
  Violation rate: 0.000
  HITL rate: 0.000
  Avg steps: 2.00
  Avg tokens: 497.3 (prompt: 247.4, completion: 249.9)

Improvement: 0.81 points

Results written to: demos/portfolio_langgraph_opt/runs/run_20260111_132222/results.json

Computing Pareto frontier...
  Pareto frontier: 3 candidates
  Pareto JSON written to: demos/portfolio_langgraph_opt/runs/run_20260111_132222/results_pareto.json
  Pareto markdown written to: demos/portfolio_langgraph_opt/runs/run_20260111_132222/results_pareto.md

======================================================================
Search complete!
======================================================================
