======================================================================
Portfolio Advisory Graph Search
======================================================================
Mode: grid
Budget: 24
Seed: 42
Cases: demos/portfolio_langgraph_opt/data/cases.jsonl
Policy: demos/portfolio_langgraph_opt/data/policy_snippets.txt
Registry: default (kyc_case)
Emit DOT: False

Loading data...
Loaded 24 cases
Loaded policy text (1166 chars)

Generated 96 candidates
Grid mode: evaluating first 24 candidates

Evaluating baseline...
Baseline score: 30.31
  Coverage: 0.365
  Violation rate: 0.000
  HITL rate: 0.000
  Avg steps: 1.00
  Avg total tokens: 365.0

Evaluating 24 candidates...
  Evaluated 5 new + 0 existing = 5/24 (best: 30.45)
  Evaluated 10 new + 0 existing = 10/24 (best: 30.62)
  Evaluated 15 new + 0 existing = 15/24 (best: 30.62)
  Warning: Failed to evaluate candidate R0-D1-B0-H0-SA-M4-AD0-APS-CO0: Error evaluating case C001: cannot access local variable 'prompt' where it is not associated with a value
  Warning: Failed to evaluate candidate R0-D1-B0-H0-SA-M4-AD1-APS-CO0: Error evaluating case C001: cannot access local variable 'prompt' where it is not associated with a value
  Warning: Failed to evaluate candidate R0-D1-B0-H0-SA-M4-AD0-APS-CO1: Error evaluating case C001: cannot access local variable 'prompt' where it is not associated with a value
  Warning: Failed to evaluate candidate R0-D1-B0-H0-SA-M4-AD1-APS-CO1: Error evaluating case C001: cannot access local variable 'prompt' where it is not associated with a value
  Warning: Failed to evaluate candidate R0-D1-B0-H0-SB-M4-AD0-APS-CO0: Error evaluating case C001: cannot access local variable 'prompt' where it is not associated with a value
  Warning: Failed to evaluate candidate R0-D1-B0-H0-SB-M4-AD1-APS-CO0: Error evaluating case C001: cannot access local variable 'prompt' where it is not associated with a value
  Warning: Failed to evaluate candidate R0-D1-B0-H0-SB-M4-AD0-APS-CO1: Error evaluating case C001: cannot access local variable 'prompt' where it is not associated with a value
  Warning: Failed to evaluate candidate R0-D1-B0-H0-SB-M4-AD1-APS-CO1: Error evaluating case C001: cannot access local variable 'prompt' where it is not associated with a value

  Total: 16 new evaluations, 0 skipped

======================================================================
RESULTS SUMMARY
======================================================================

Baseline: R0-D0-B0-H0-SA-M4-AD0-APS-CO1
  Score: 30.31
  Coverage: 0.365
  Violation rate: 0.000
  HITL rate: 0.000
  Avg steps: 1.00
  Avg tokens: 365.0 (prompt: 190.0, completion: 175.0)

Best: R0-D0-B1-H0-SA-M4-AD0-APS-CO0
  Score: 30.62
  Coverage: 0.396
  Violation rate: 0.000
  HITL rate: 0.000
  Avg steps: 2.00
  Avg tokens: 496.6 (prompt: 246.7, completion: 249.9)

Improvement: 0.31 points

Results written to: demos/portfolio_langgraph_opt/runs/run_20260111_181055/results.json

Computing Pareto frontier...
  Pareto frontier: 3 candidates
  Pareto JSON written to: demos/portfolio_langgraph_opt/runs/run_20260111_181055/results_pareto.json
  Pareto markdown written to: demos/portfolio_langgraph_opt/runs/run_20260111_181055/results_pareto.md

======================================================================
Search complete!
======================================================================
